mode: set
github.com/pischarti/pmg/pkg/cloudflare/client.go:22.41,24.2 1 1
github.com/pischarti/pmg/pkg/cloudflare/client.go:27.51,29.2 1 1
github.com/pischarti/pmg/pkg/cloudflare/client.go:31.45,36.9 4 1
github.com/pischarti/pmg/pkg/cloudflare/client.go:37.19,39.17 2 1
github.com/pischarti/pmg/pkg/cloudflare/client.go:39.17,41.4 1 0
github.com/pischarti/pmg/pkg/cloudflare/client.go:42.3,42.18 1 1
github.com/pischarti/pmg/pkg/cloudflare/client.go:43.38,45.17 2 1
github.com/pischarti/pmg/pkg/cloudflare/client.go:45.17,47.4 1 0
github.com/pischarti/pmg/pkg/cloudflare/client.go:48.3,48.18 1 1
github.com/pischarti/pmg/pkg/cloudflare/client.go:49.38,50.112 1 1
github.com/pischarti/pmg/pkg/cloudflare/client.go:51.38,52.112 1 1
github.com/pischarti/pmg/pkg/cloudflare/client.go:53.10,54.137 1 1
github.com/pischarti/pmg/pkg/cloudflare/dns.go:20.93,21.16 1 1
github.com/pischarti/pmg/pkg/cloudflare/dns.go:21.16,23.3 1 1
github.com/pischarti/pmg/pkg/cloudflare/dns.go:25.2,26.16 2 1
github.com/pischarti/pmg/pkg/cloudflare/dns.go:26.16,28.3 1 1
github.com/pischarti/pmg/pkg/cloudflare/dns.go:30.2,33.16 3 1
github.com/pischarti/pmg/pkg/cloudflare/dns.go:33.16,35.3 1 1
github.com/pischarti/pmg/pkg/cloudflare/dns.go:37.2,37.42 1 1
github.com/pischarti/pmg/pkg/cloudflare/dns.go:37.42,38.41 1 1
github.com/pischarti/pmg/pkg/cloudflare/dns.go:38.41,40.4 1 1
github.com/pischarti/pmg/pkg/cloudflare/dns.go:41.3,41.43 1 1
github.com/pischarti/pmg/pkg/cloudflare/dns.go:44.2,44.21 1 1
github.com/pischarti/pmg/pkg/cloudflare/dns.go:48.65,53.33 4 1
github.com/pischarti/pmg/pkg/cloudflare/dns.go:53.33,55.22 2 1
github.com/pischarti/pmg/pkg/cloudflare/dns.go:55.22,57.4 1 1
github.com/pischarti/pmg/pkg/cloudflare/dns.go:59.3,60.47 2 1
github.com/pischarti/pmg/pkg/cloudflare/dns.go:60.47,62.4 1 1
github.com/pischarti/pmg/pkg/cloudflare/dns.go:64.3,70.5 1 1
github.com/pischarti/pmg/pkg/cloudflare/dns.go:73.2,73.13 1 1
github.com/pischarti/pmg/pkg/cloudflare/sync.go:42.56,44.16 2 1
github.com/pischarti/pmg/pkg/cloudflare/sync.go:44.16,46.3 1 1
github.com/pischarti/pmg/pkg/cloudflare/sync.go:48.2,49.54 2 1
github.com/pischarti/pmg/pkg/cloudflare/sync.go:49.54,51.3 1 1
github.com/pischarti/pmg/pkg/cloudflare/sync.go:53.2,53.27 1 1
github.com/pischarti/pmg/pkg/cloudflare/sync.go:53.27,55.3 1 1
github.com/pischarti/pmg/pkg/cloudflare/sync.go:57.2,57.29 1 1
github.com/pischarti/pmg/pkg/cloudflare/sync.go:57.29,61.32 3 1
github.com/pischarti/pmg/pkg/cloudflare/sync.go:61.32,63.4 1 1
github.com/pischarti/pmg/pkg/cloudflare/sync.go:64.3,64.32 1 1
github.com/pischarti/pmg/pkg/cloudflare/sync.go:64.32,66.4 1 1
github.com/pischarti/pmg/pkg/cloudflare/sync.go:67.3,67.34 1 1
github.com/pischarti/pmg/pkg/cloudflare/sync.go:67.34,69.4 1 1
github.com/pischarti/pmg/pkg/cloudflare/sync.go:70.3,70.32 1 1
github.com/pischarti/pmg/pkg/cloudflare/sync.go:71.32,71.32 0 1
github.com/pischarti/pmg/pkg/cloudflare/sync.go:73.11,74.114 1 1
github.com/pischarti/pmg/pkg/cloudflare/sync.go:76.3,76.71 1 1
github.com/pischarti/pmg/pkg/cloudflare/sync.go:76.71,78.4 1 1
github.com/pischarti/pmg/pkg/cloudflare/sync.go:81.2,81.25 1 1
github.com/pischarti/pmg/pkg/cloudflare/sync.go:85.144,86.16 1 1
github.com/pischarti/pmg/pkg/cloudflare/sync.go:86.16,88.3 1 1
github.com/pischarti/pmg/pkg/cloudflare/sync.go:89.2,89.16 1 1
github.com/pischarti/pmg/pkg/cloudflare/sync.go:89.16,91.3 1 1
github.com/pischarti/pmg/pkg/cloudflare/sync.go:93.2,94.16 2 1
github.com/pischarti/pmg/pkg/cloudflare/sync.go:94.16,96.3 1 1
github.com/pischarti/pmg/pkg/cloudflare/sync.go:97.2,100.25 3 1
github.com/pischarti/pmg/pkg/cloudflare/sync.go:100.25,104.3 3 1
github.com/pischarti/pmg/pkg/cloudflare/sync.go:106.2,106.29 1 1
github.com/pischarti/pmg/pkg/cloudflare/sync.go:106.29,107.22 1 1
github.com/pischarti/pmg/pkg/cloudflare/sync.go:108.18,109.82 1 1
github.com/pischarti/pmg/pkg/cloudflare/sync.go:109.82,111.5 1 1
github.com/pischarti/pmg/pkg/cloudflare/sync.go:112.21,113.82 1 1
github.com/pischarti/pmg/pkg/cloudflare/sync.go:113.82,115.5 1 1
github.com/pischarti/pmg/pkg/cloudflare/sync.go:116.11,117.84 1 0
github.com/pischarti/pmg/pkg/cloudflare/sync.go:121.2,121.21 1 1
github.com/pischarti/pmg/pkg/cloudflare/sync.go:121.21,123.3 1 1
github.com/pischarti/pmg/pkg/cloudflare/sync.go:125.2,125.12 1 1
github.com/pischarti/pmg/pkg/cloudflare/sync.go:128.157,136.16 4 1
github.com/pischarti/pmg/pkg/cloudflare/sync.go:136.16,138.3 1 1
github.com/pischarti/pmg/pkg/cloudflare/sync.go:140.2,141.25 2 1
github.com/pischarti/pmg/pkg/cloudflare/sync.go:141.25,143.65 2 1
github.com/pischarti/pmg/pkg/cloudflare/sync.go:143.65,144.12 1 0
github.com/pischarti/pmg/pkg/cloudflare/sync.go:146.3,146.104 1 1
github.com/pischarti/pmg/pkg/cloudflare/sync.go:146.104,148.4 1 1
github.com/pischarti/pmg/pkg/cloudflare/sync.go:149.3,149.20 1 1
github.com/pischarti/pmg/pkg/cloudflare/sync.go:152.2,152.21 1 1
github.com/pischarti/pmg/pkg/cloudflare/sync.go:152.21,154.3 1 1
github.com/pischarti/pmg/pkg/cloudflare/sync.go:156.2,156.108 1 1
github.com/pischarti/pmg/pkg/cloudflare/sync.go:156.108,157.29 1 1
github.com/pischarti/pmg/pkg/cloudflare/sync.go:157.29,159.65 2 1
github.com/pischarti/pmg/pkg/cloudflare/sync.go:159.65,161.5 1 1
github.com/pischarti/pmg/pkg/cloudflare/sync.go:165.2,165.12 1 1
github.com/pischarti/pmg/pkg/cloudflare/sync.go:165.12,166.22 1 1
github.com/pischarti/pmg/pkg/cloudflare/sync.go:166.22,169.4 2 1
github.com/pischarti/pmg/pkg/cloudflare/sync.go:170.3,171.13 2 0
github.com/pischarti/pmg/pkg/cloudflare/sync.go:174.2,180.25 2 1
github.com/pischarti/pmg/pkg/cloudflare/sync.go:180.25,182.3 1 0
github.com/pischarti/pmg/pkg/cloudflare/sync.go:184.2,184.64 1 1
github.com/pischarti/pmg/pkg/cloudflare/sync.go:184.64,185.81 1 1
github.com/pischarti/pmg/pkg/cloudflare/sync.go:185.81,186.23 1 1
github.com/pischarti/pmg/pkg/cloudflare/sync.go:186.23,189.5 2 0
github.com/pischarti/pmg/pkg/cloudflare/sync.go:190.4,191.14 2 1
github.com/pischarti/pmg/pkg/cloudflare/sync.go:193.3,193.93 1 1
github.com/pischarti/pmg/pkg/cloudflare/sync.go:196.2,196.21 1 1
github.com/pischarti/pmg/pkg/cloudflare/sync.go:196.21,198.3 1 0
github.com/pischarti/pmg/pkg/cloudflare/sync.go:199.2,200.12 2 1
github.com/pischarti/pmg/pkg/cloudflare/sync.go:203.157,211.16 4 1
github.com/pischarti/pmg/pkg/cloudflare/sync.go:211.16,213.3 1 0
github.com/pischarti/pmg/pkg/cloudflare/sync.go:215.2,216.33 2 1
github.com/pischarti/pmg/pkg/cloudflare/sync.go:216.33,218.47 2 1
github.com/pischarti/pmg/pkg/cloudflare/sync.go:218.47,219.12 1 0
github.com/pischarti/pmg/pkg/cloudflare/sync.go:221.3,221.49 1 1
github.com/pischarti/pmg/pkg/cloudflare/sync.go:221.49,222.12 1 0
github.com/pischarti/pmg/pkg/cloudflare/sync.go:224.3,224.79 1 1
github.com/pischarti/pmg/pkg/cloudflare/sync.go:224.79,226.4 1 1
github.com/pischarti/pmg/pkg/cloudflare/sync.go:229.2,229.23 1 1
github.com/pischarti/pmg/pkg/cloudflare/sync.go:229.23,232.109 2 1
github.com/pischarti/pmg/pkg/cloudflare/sync.go:232.109,233.33 1 1
github.com/pischarti/pmg/pkg/cloudflare/sync.go:233.33,234.101 1 0
github.com/pischarti/pmg/pkg/cloudflare/sync.go:234.101,236.11 2 0
github.com/pischarti/pmg/pkg/cloudflare/sync.go:240.3,240.22 1 1
github.com/pischarti/pmg/pkg/cloudflare/sync.go:240.22,243.4 2 0
github.com/pischarti/pmg/pkg/cloudflare/sync.go:244.3,245.13 2 1
github.com/pischarti/pmg/pkg/cloudflare/sync.go:248.2,248.12 1 1
github.com/pischarti/pmg/pkg/cloudflare/sync.go:248.12,249.22 1 1
github.com/pischarti/pmg/pkg/cloudflare/sync.go:249.22,250.35 1 1
github.com/pischarti/pmg/pkg/cloudflare/sync.go:250.35,252.5 1 1
github.com/pischarti/pmg/pkg/cloudflare/sync.go:253.4,253.14 1 1
github.com/pischarti/pmg/pkg/cloudflare/sync.go:255.3,255.34 1 0
github.com/pischarti/pmg/pkg/cloudflare/sync.go:255.34,257.4 1 0
github.com/pischarti/pmg/pkg/cloudflare/sync.go:258.3,258.13 1 0
github.com/pischarti/pmg/pkg/cloudflare/sync.go:261.2,261.33 1 1
github.com/pischarti/pmg/pkg/cloudflare/sync.go:261.33,262.65 1 1
github.com/pischarti/pmg/pkg/cloudflare/sync.go:262.65,264.4 1 1
github.com/pischarti/pmg/pkg/cloudflare/sync.go:265.3,265.22 1 1
github.com/pischarti/pmg/pkg/cloudflare/sync.go:265.22,267.4 1 1
github.com/pischarti/pmg/pkg/cloudflare/sync.go:268.3,268.81 1 1
github.com/pischarti/pmg/pkg/cloudflare/sync.go:271.2,271.12 1 1
github.com/pischarti/pmg/pkg/cloudflare/sync.go:274.223,280.25 5 1
github.com/pischarti/pmg/pkg/cloudflare/sync.go:280.25,282.64 2 1
github.com/pischarti/pmg/pkg/cloudflare/sync.go:282.64,284.4 1 1
github.com/pischarti/pmg/pkg/cloudflare/sync.go:287.2,287.42 1 1
github.com/pischarti/pmg/pkg/cloudflare/sync.go:287.42,288.22 1 1
github.com/pischarti/pmg/pkg/cloudflare/sync.go:288.22,291.4 2 1
github.com/pischarti/pmg/pkg/cloudflare/sync.go:292.3,293.13 2 1
github.com/pischarti/pmg/pkg/cloudflare/sync.go:296.2,296.12 1 1
github.com/pischarti/pmg/pkg/cloudflare/sync.go:296.12,297.22 1 1
github.com/pischarti/pmg/pkg/cloudflare/sync.go:297.22,300.4 2 1
github.com/pischarti/pmg/pkg/cloudflare/sync.go:301.3,302.13 2 0
github.com/pischarti/pmg/pkg/cloudflare/sync.go:305.2,312.23 2 1
github.com/pischarti/pmg/pkg/cloudflare/sync.go:312.23,314.3 1 1
github.com/pischarti/pmg/pkg/cloudflare/sync.go:316.2,316.64 1 1
github.com/pischarti/pmg/pkg/cloudflare/sync.go:316.64,318.3 1 0
github.com/pischarti/pmg/pkg/cloudflare/sync.go:320.2,320.21 1 1
github.com/pischarti/pmg/pkg/cloudflare/sync.go:320.21,322.3 1 0
github.com/pischarti/pmg/pkg/cloudflare/sync.go:323.2,324.12 2 1
github.com/pischarti/pmg/pkg/cloudflare/sync.go:327.223,328.12 1 1
github.com/pischarti/pmg/pkg/cloudflare/sync.go:328.12,329.22 1 1
github.com/pischarti/pmg/pkg/cloudflare/sync.go:329.22,332.4 2 1
github.com/pischarti/pmg/pkg/cloudflare/sync.go:333.3,334.13 2 0
github.com/pischarti/pmg/pkg/cloudflare/sync.go:337.2,344.25 2 1
github.com/pischarti/pmg/pkg/cloudflare/sync.go:344.25,346.3 1 0
github.com/pischarti/pmg/pkg/cloudflare/sync.go:348.2,348.64 1 1
github.com/pischarti/pmg/pkg/cloudflare/sync.go:348.64,350.3 1 1
github.com/pischarti/pmg/pkg/cloudflare/sync.go:352.2,352.21 1 1
github.com/pischarti/pmg/pkg/cloudflare/sync.go:352.21,354.3 1 0
github.com/pischarti/pmg/pkg/cloudflare/sync.go:355.2,356.12 2 1
github.com/pischarti/pmg/pkg/cloudflare/sync.go:359.62,360.38 1 1
github.com/pischarti/pmg/pkg/cloudflare/sync.go:360.38,362.3 1 1
github.com/pischarti/pmg/pkg/cloudflare/sync.go:363.2,363.37 1 1
github.com/pischarti/pmg/pkg/cloudflare/sync.go:363.37,365.3 1 1
github.com/pischarti/pmg/pkg/cloudflare/sync.go:366.2,366.10 1 1
github.com/pischarti/pmg/pkg/cloudflare/sync.go:369.85,371.27 2 1
github.com/pischarti/pmg/pkg/cloudflare/sync.go:371.27,373.3 1 1
github.com/pischarti/pmg/pkg/cloudflare/sync.go:374.2,375.27 2 1
github.com/pischarti/pmg/pkg/cloudflare/sync.go:375.27,377.3 1 1
github.com/pischarti/pmg/pkg/cloudflare/sync.go:378.2,378.98 1 1
github.com/pischarti/pmg/pkg/cloudflare/sync.go:381.42,383.2 1 1
github.com/pischarti/pmg/pkg/cloudflare/sync.go:385.46,388.62 2 1
github.com/pischarti/pmg/pkg/cloudflare/sync.go:388.62,390.3 1 1
github.com/pischarti/pmg/pkg/cloudflare/sync.go:391.2,391.29 1 1
